<html>
<body>
<pre>
<h1>µVision Build Log</h1>
<h2>Tool Versions:</h2>
IDE-Version: µVision V5.35.0.0
Copyright (C) 2021 ARM Ltd and ARM Germany GmbH. All rights reserved.
License Information: sa` as`, assd, LIC=----
 
Tool Versions:
Toolchain:       MDK-Lite  Version: 5.35.0.2
Toolchain Path:  C:\Keil_v5\ARM\ARMCC\Bin
C Compiler:      Armcc.exe V5.06 update 7 (build 960)
Assembler:       Armasm.exe V5.06 update 7 (build 960)
Linker/Locator:  ArmLink.exe V5.06 update 7 (build 960)
Library Manager: ArmAr.exe V5.06 update 7 (build 960)
Hex Converter:   FromElf.exe V5.06 update 7 (build 960)
CPU DLL:         SARMCM3.DLL V5.35.0.2
Dialog DLL:      DCM.DLL V1.17.3.0
Target DLL:      STLink\ST-LINKIII-KEIL_SWO.dll V3.0.9.0
Dialog DLL:      TCM.DLL V1.53.0.0
 
<h2>Project:</h2>
C:\Users\ahmed98\Desktop\Project\MDK-ARM\Project.uvprojx
Project File Date:  05/15/2023

<h2>Output:</h2>
*** Using Compiler 'V5.06 update 7 (build 960)', folder: 'C:\Keil_v5\ARM\ARMCC\Bin'
Build target 'Project'
compiling main.c...
../Core/Src/main.c(92): warning:  #177-D: variable "buff"  was declared but never referenced
  		char buff[100]={1};
../Core/Src/main.c(93): warning:  #177-D: variable "A"  was declared but never referenced
  uint8_t A='D';
../Core/Src/main.c(94): warning:  #177-D: variable "B"  was declared but never referenced
  		uint8_t B='N';
../Core/Src/main.c(95): warning:  #177-D: variable "c"  was declared but never referenced
  uint8_t c='s';
../Core/Src/main.c: 4 warnings, 0 errors
linking...
Program Size: Code=6396 RO-data=504 RW-data=16 ZI-data=1768  
FromELF: creating hex file...
"Project\Project.axf" - 0 Error(s), 4 Warning(s).

<h2>Software Packages used:</h2>

Package Vendor: ARM
                http://www.keil.com/pack/ARM.CMSIS.5.8.0.pack
                ARM.CMSIS.5.8.0
                CMSIS (Common Microcontroller Software Interface Standard)
   * Component: CORE Version: 5.5.0

Package Vendor: Keil
                http://www.keil.com/pack/Keil.STM32L4xx_DFP.2.6.1.pack
                Keil.STM32L4xx_DFP.2.6.1
                STMicroelectronics STM32L4 Series Device Support, Drivers and Examples

<h2>Collection of Component include folders:</h2>
  .\RTE\_Project
  C:\Users\Public\ARM\CMSIS\5.8.0\CMSIS\Core\Include
  C:\Users\Public\Keil\STM32L4xx_DFP\2.6.1\Drivers\CMSIS\Device\ST\STM32L4xx\Include

<h2>Collection of Component Files used:</h2>

   * Component: ARM::CMSIS:CORE:5.5.0
      Include file:  CMSIS\Core\Include\tz_context.h
Build Time Elapsed:  00:00:02
</pre>
</body>
</html>
